../Drivers/CMSIS/Include/core_cm4.h:2064:26:ITM_SendChar	16	static,ignoring_inline_asm
../Core/Src/main.c:59:5:_write	32	static
../Core/Src/main.c:69:6:HAL_GPIO_EXTI_Callback	120	static
../Core/Src/main.c:106:5:main	32	static
../Core/Src/main.c:173:6:SystemClock_Config	88	static
../Core/Src/main.c:220:13:MX_I2C1_Init	8	static
../Core/Src/main.c:254:13:MX_GPIO_Init	40	static
../Core/Src/main.c:290:6:EXTI15_10_IRQHandler	8	static
../Core/Src/main.c:303:6:Error_Handler	4	static,ignoring_inline_asm
